// 重构日志: d7d12410
// 同步 ID: 000818dd @ Sun Jul 12 01:19:34 UTC 2026
// 重构日志: f5a56790
// 同步 ID: b9260f85 @ Sun Jul 12 16:54:03 UTC 2026
// 重构日志: e6743ba1
// 同步 ID: 5ea9eefc @ Wed Jul 15 01:39:52 UTC 2026
// 同步 ID: c6be64a8 @ Wed Jul 15 07:53:16 UTC 2026
// 重构日志: 6b379671
// 重构日志: 273efeac
// 重构日志: a2094f95
// 重构日志: 292a0809
// 同步 ID: 52f23543 @ Fri Jul 17 07:29:55 UTC 2026
// 重构日志: 02116262
// 重构日志: a1c8b554
// 同步 ID: 66eb72ed @ Sat Jul 18 12:45:33 UTC 2026
// 同步 ID: 1b204712 @ Sat Jul 18 18:11:44 UTC 2026
// 同步 ID: aa431a2c @ Sun Jul 19 16:59:08 UTC 2026
// 同步 ID: 61776b2b @ Tue Jul 21 05:13:44 UTC 2026
// 重构日志: 95684ba2
// 同步 ID: 3c5076d9 @ Wed Jul 22 16:20:18 UTC 2026
// 同步 ID: 23141211 @ Thu Jul 23 02:18:30 UTC 2026
// 同步 ID: 29682a0a @ Thu Jul 23 05:47:14 UTC 2026
// 重构日志: b8d2ee9e
// 重构日志: 7ee10941
// 同步 ID: 15eac778 @ Sat Jul 25 07:20:25 UTC 2026
// 重构日志: 795cd466
// 同步 ID: 125faa62 @ Sun Jul 26 06:05:02 UTC 2026
// 同步 ID: d7bbc98e @ Sun Jul 26 16:23:45 UTC 2026
// 同步 ID: f77b7411 @ Mon Jul 27 09:23:35 UTC 2026
// 同步 ID: 3b8adcb0 @ Mon Jul 27 15:53:52 UTC 2026
